#-----------------------------------------------------------
# Webtalk v2018.3 (64-bit)
# SW Build 2405991 on Thu Dec  6 23:38:27 MST 2018
# IP Build 2404404 on Fri Dec  7 01:43:56 MST 2018
# Start of session at: Fri Mar 31 13:51:45 2023
# Process ID: 22396
# Current directory: D:/xixi/Image-Processing-master/Image-Processing-master/Blurring/Blurring.sim/sim_1/behav/xsim
# Command line: wbtcv.exe -mode batch -source D:/xixi/Image-Processing-master/Image-Processing-master/Blurring/Blurring.sim/sim_1/behav/xsim/xsim.dir/blur_tb_behav/webtalk/xsim_webtalk.tcl -notrace
# Log file: D:/xixi/Image-Processing-master/Image-Processing-master/Blurring/Blurring.sim/sim_1/behav/xsim/webtalk.log
# Journal file: D:/xixi/Image-Processing-master/Image-Processing-master/Blurring/Blurring.sim/sim_1/behav/xsim\webtalk.jou
#-----------------------------------------------------------
source D:/xixi/Image-Processing-master/Image-Processing-master/Blurring/Blurring.sim/sim_1/behav/xsim/xsim.dir/blur_tb_behav/webtalk/xsim_webtalk.tcl -notrace
